// Jest Snapshot v1, https://goo.gl/fbAQLP

exports[`DB versions migration Migration from v1 to v3: v3-schema 1`] = `
{
  "data": {
    "data": [
      {
        "inbound": false,
        "rows": [
          [
            1,
            {
              "id": "094a722a-4f00-4723-928a-536aa04b3470",
              "key": "schemaVersion",
              "value": ""a66372d29356c40e7cd29e41527cead7"",
            },
          ],
        ],
        "tableName": "datastore_Setting",
      },
      {
        "inbound": false,
        "rows": [],
        "tableName": "sync_ModelMetadata",
      },
      {
        "inbound": false,
        "rows": [],
        "tableName": "sync_MutationEvent",
      },
      {
        "inbound": false,
        "rows": [],
        "tableName": "user_Album",
      },
      {
        "inbound": false,
        "rows": [
          {
            "$": [
              1,
              {
                "_deleted": null,
                "_lastChangedAt": null,
                "_version": null,
                "id": "2c1d760f-c24f-4805-b5c9-9c76b65ff371",
                "name": "author2",
              },
            ],
            "$types": {
              "$": {
                "1._deleted": "undef",
                "1._lastChangedAt": "undef",
                "1._version": "undef",
              },
            },
          },
          {
            "$": [
              2,
              {
                "_deleted": null,
                "_lastChangedAt": null,
                "_version": null,
                "id": "e81717d2-420c-4df9-a752-43c06dfe3652",
                "name": "author1",
              },
            ],
            "$types": {
              "$": {
                "1._deleted": "undef",
                "1._lastChangedAt": "undef",
                "1._version": "undef",
              },
            },
          },
        ],
        "tableName": "user_Author",
      },
      {
        "inbound": false,
        "rows": [
          {
            "$": [
              1,
              {
                "_deleted": null,
                "_lastChangedAt": null,
                "_version": null,
                "blogOwnerId": "1a232e28-14ed-43e7-b39c-beba80e62a1d",
                "id": "7649de35-1602-4a60-8d3e-4aecae73ebc6",
                "name": "blog2",
              },
            ],
            "$types": {
              "$": {
                "1._deleted": "undef",
                "1._lastChangedAt": "undef",
                "1._version": "undef",
              },
            },
          },
          {
            "$": [
              2,
              {
                "_deleted": null,
                "_lastChangedAt": null,
                "_version": null,
                "id": "844724fe-373c-4505-b202-2852580058e3",
                "name": "B1",
                "owner": {
                  "_deleted": null,
                  "_lastChangedAt": null,
                  "_version": null,
                  "id": "d3b11bac-699a-4ff5-8626-10cb6bda634a",
                  "name": "O1",
                },
              },
            ],
            "$types": {
              "$": {
                "1._deleted": "undef",
                "1._lastChangedAt": "undef",
                "1._version": "undef",
                "1.owner._deleted": "undef",
                "1.owner._lastChangedAt": "undef",
                "1.owner._version": "undef",
              },
            },
          },
          {
            "$": [
              3,
              {
                "_deleted": null,
                "_lastChangedAt": null,
                "_version": null,
                "id": "91e67f1e-aba4-497d-a2c1-f2d3133468c0",
                "name": "Avatar: Last Airbender",
                "owner": {
                  "_deleted": null,
                  "_lastChangedAt": null,
                  "_version": null,
                  "id": "210bd12c-8ca3-4c3c-b67c-911d84a875b8",
                  "name": "Owner 1",
                },
              },
            ],
            "$types": {
              "$": {
                "1._deleted": "undef",
                "1._lastChangedAt": "undef",
                "1._version": "undef",
                "1.owner._deleted": "undef",
                "1.owner._lastChangedAt": "undef",
                "1.owner._version": "undef",
              },
            },
          },
          {
            "$": [
              4,
              {
                "_deleted": null,
                "_lastChangedAt": null,
                "_version": null,
                "blogOwnerId": "fdda1b48-6a3d-4d94-9156-6118ecc15aff",
                "id": "d4512a1c-ee69-4610-81a0-c00c637294a8",
                "name": "The Blog",
              },
            ],
            "$types": {
              "$": {
                "1._deleted": "undef",
                "1._lastChangedAt": "undef",
                "1._version": "undef",
              },
            },
          },
          {
            "$": [
              5,
              {
                "_deleted": null,
                "_lastChangedAt": null,
                "_version": null,
                "id": "d5e7eb84-2aa1-4bb2-8e2a-21ccc06d2d69",
                "name": "Avatar: Last Airbender",
                "owner": {
                  "_deleted": null,
                  "_lastChangedAt": null,
                  "_version": null,
                  "id": "8619a3a0-2c6b-4e02-8cdb-db3b7f938d4a",
                  "name": "Owner 1",
                },
              },
            ],
            "$types": {
              "$": {
                "1._deleted": "undef",
                "1._lastChangedAt": "undef",
                "1._version": "undef",
                "1.owner._deleted": "undef",
                "1.owner._lastChangedAt": "undef",
                "1.owner._version": "undef",
              },
            },
          },
          {
            "$": [
              6,
              {
                "_deleted": null,
                "_lastChangedAt": null,
                "_version": null,
                "blogOwnerId": "0abe1eec-022b-41aa-9d13-46dccd42ce32",
                "id": "dd83c7af-c316-4e75-8725-f64ffe3055c5",
                "name": "blog2",
              },
            ],
            "$types": {
              "$": {
                "1._deleted": "undef",
                "1._lastChangedAt": "undef",
                "1._version": "undef",
              },
            },
          },
        ],
        "tableName": "user_Blog",
      },
      {
        "inbound": false,
        "rows": [
          {
            "$": [
              1,
              {
                "_deleted": null,
                "_lastChangedAt": null,
                "_version": null,
                "id": "0abe1eec-022b-41aa-9d13-46dccd42ce32",
                "name": "Owner 2",
              },
            ],
            "$types": {
              "$": {
                "1._deleted": "undef",
                "1._lastChangedAt": "undef",
                "1._version": "undef",
              },
            },
          },
          {
            "$": [
              2,
              {
                "_deleted": null,
                "_lastChangedAt": null,
                "_version": null,
                "id": "1a232e28-14ed-43e7-b39c-beba80e62a1d",
                "name": "Owner 2",
              },
            ],
            "$types": {
              "$": {
                "1._deleted": "undef",
                "1._lastChangedAt": "undef",
                "1._version": "undef",
              },
            },
          },
          {
            "$": [
              3,
              {
                "_deleted": null,
                "_lastChangedAt": null,
                "_version": null,
                "id": "349cbc01-9efe-4411-82b0-4581852be264",
                "name": "Owner 1",
              },
            ],
            "$types": {
              "$": {
                "1._deleted": "undef",
                "1._lastChangedAt": "undef",
                "1._version": "undef",
              },
            },
          },
          {
            "$": [
              4,
              {
                "_deleted": null,
                "_lastChangedAt": null,
                "_version": null,
                "id": "434a78a8-99b9-47b5-8df8-5e191b8c73c4",
                "name": "owner 3",
              },
            ],
            "$types": {
              "$": {
                "1._deleted": "undef",
                "1._lastChangedAt": "undef",
                "1._version": "undef",
              },
            },
          },
          {
            "$": [
              5,
              {
                "_deleted": null,
                "_lastChangedAt": null,
                "_version": null,
                "id": "a39c1f9c-b24a-4345-9be7-459e816ae375",
                "name": "owner 3",
              },
            ],
            "$types": {
              "$": {
                "1._deleted": "undef",
                "1._lastChangedAt": "undef",
                "1._version": "undef",
              },
            },
          },
          {
            "$": [
              6,
              {
                "_deleted": null,
                "_lastChangedAt": null,
                "_version": null,
                "id": "ce6e25c1-a78c-4b2d-b7ce-f8288054b729",
                "name": "Owner 1",
              },
            ],
            "$types": {
              "$": {
                "1._deleted": "undef",
                "1._lastChangedAt": "undef",
                "1._version": "undef",
              },
            },
          },
          {
            "$": [
              7,
              {
                "_deleted": null,
                "_lastChangedAt": null,
                "_version": null,
                "id": "d537aed5-22cf-48d5-9966-c8693ef09250",
                "name": "Owner 1",
              },
            ],
            "$types": {
              "$": {
                "1._deleted": "undef",
                "1._lastChangedAt": "undef",
                "1._version": "undef",
              },
            },
          },
          {
            "$": [
              8,
              {
                "_deleted": null,
                "_lastChangedAt": null,
                "_version": null,
                "id": "e364cbb7-fa9a-4077-97a2-93e2090da5d4",
                "name": "Owner 1",
              },
            ],
            "$types": {
              "$": {
                "1._deleted": "undef",
                "1._lastChangedAt": "undef",
                "1._version": "undef",
              },
            },
          },
          {
            "$": [
              9,
              {
                "_deleted": null,
                "_lastChangedAt": null,
                "_version": null,
                "id": "fdda1b48-6a3d-4d94-9156-6118ecc15aff",
                "name": "Owner 1",
              },
            ],
            "$types": {
              "$": {
                "1._deleted": "undef",
                "1._lastChangedAt": "undef",
                "1._version": "undef",
              },
            },
          },
        ],
        "tableName": "user_BlogOwner",
      },
      {
        "inbound": false,
        "rows": [],
        "tableName": "user_Comment",
      },
      {
        "inbound": false,
        "rows": [],
        "tableName": "user_Editor",
      },
      {
        "inbound": false,
        "rows": [],
        "tableName": "user_Forum",
      },
      {
        "inbound": false,
        "rows": [],
        "tableName": "user_ForumEditorJoin",
      },
      {
        "inbound": false,
        "rows": [],
        "tableName": "user_Person",
      },
      {
        "inbound": false,
        "rows": [
          {
            "$": [
              1,
              {
                "_deleted": null,
                "_lastChangedAt": null,
                "_version": null,
                "id": "1d5aac5b-9016-4f27-a63e-434b8be13c8a",
                "postBlogId": "d4512a1c-ee69-4610-81a0-c00c637294a8",
                "referencePostId": null,
                "title": "Post 2",
              },
            ],
            "$types": {
              "$": {
                "1._deleted": "undef",
                "1._lastChangedAt": "undef",
                "1._version": "undef",
              },
            },
          },
          {
            "$": [
              2,
              {
                "_deleted": null,
                "_lastChangedAt": null,
                "_version": null,
                "id": "d129800d-679f-4df2-92cd-2b96573a618e",
                "postBlogId": "d4512a1c-ee69-4610-81a0-c00c637294a8",
                "referencePostId": null,
                "title": "Post 1",
              },
            ],
            "$types": {
              "$": {
                "1._deleted": "undef",
                "1._lastChangedAt": "undef",
                "1._version": "undef",
              },
            },
          },
        ],
        "tableName": "user_Post",
      },
      {
        "inbound": false,
        "rows": [],
        "tableName": "user_PostAuthorJoin",
      },
      {
        "inbound": false,
        "rows": [],
        "tableName": "user_Project",
      },
      {
        "inbound": false,
        "rows": [],
        "tableName": "user_Song",
      },
      {
        "inbound": false,
        "rows": [],
        "tableName": "user_Team",
      },
    ],
    "databaseName": "amplify-datastore",
    "databaseVersion": 0.3,
    "tables": [
      {
        "name": "datastore_Setting",
        "rowCount": 1,
        "schema": "++,&[id]",
      },
      {
        "name": "sync_ModelMetadata",
        "rowCount": 0,
        "schema": "++,&[id]",
      },
      {
        "name": "sync_MutationEvent",
        "rowCount": 0,
        "schema": "++,&[id]",
      },
      {
        "name": "user_Album",
        "rowCount": 0,
        "schema": "++,&[id]",
      },
      {
        "name": "user_Author",
        "rowCount": 2,
        "schema": "++,&[id]",
      },
      {
        "name": "user_Blog",
        "rowCount": 6,
        "schema": "++,[blogOwnerId],&[id]",
      },
      {
        "name": "user_BlogOwner",
        "rowCount": 9,
        "schema": "++,&[id]",
      },
      {
        "name": "user_Comment",
        "rowCount": 0,
        "schema": "++,&[id],[commentPostId]",
      },
      {
        "name": "user_Editor",
        "rowCount": 0,
        "schema": "++,&[id]",
      },
      {
        "name": "user_Forum",
        "rowCount": 0,
        "schema": "++,&[id]",
      },
      {
        "name": "user_ForumEditorJoin",
        "rowCount": 0,
        "schema": "++,&[id],[editorID],[editorID+forumID],[forumID],[forumID+editorID]",
      },
      {
        "name": "user_Person",
        "rowCount": 0,
        "schema": "++,&[id]",
      },
      {
        "name": "user_Post",
        "rowCount": 2,
        "schema": "++,&[id],[postBlogId],[referencePostId]",
      },
      {
        "name": "user_PostAuthorJoin",
        "rowCount": 0,
        "schema": "++,[authorId],&[id],[postId]",
      },
      {
        "name": "user_Project",
        "rowCount": 0,
        "schema": "++,&[id]",
      },
      {
        "name": "user_Song",
        "rowCount": 0,
        "schema": "++,&[id]",
      },
      {
        "name": "user_Team",
        "rowCount": 0,
        "schema": "++,&[id]",
      },
    ],
  },
  "formatName": "dexie",
  "formatVersion": 1,
}
`;
