// Jest Snapshot v1, https://goo.gl/fbAQLP

exports[`createOnSignInCompletedRedirectIntermediate returns html with script that redirects to the redirectUrl 1`] = `
"
<!DOCTYPE html>
	<html>
	<head>
			<title>Redirecting...</title>
			<meta http-equiv="refresh" content="0; URL='https://example.com'" />
			<script>window.location.replace("https://example.com")</script>
	</head>
	<body>
			<p>If you are not redirected automatically, follow this <a href="https://example.com">link to the new page</a>.</p>
	</body>
</html>"
`;
